[02:06:33] --clean-window-only：确认段（折 05–35）未在本次运行中读取：本次只跑干净窗 fold44–45，未打开确认集任何一折的封存分数或标签，确认段仍为「未消耗」。
[02:06:33] [clean_window] 折窗口机械生成完毕：2 折 [2024-07-03 .. 2025-07-02]
[02:06:33] [clean_window] 口径核对通过：2 个（折 × 臂）
[02:07:27] [clean_window] ft 折 44: 观测 190,368、有效日 127、钱日 121、54.3s
[02:08:20] [clean_window] ft 折 45: 观测 184,418、有效日 123、钱日 117、52.6s
[02:08:20] [clean_window] v4.1 §5 剔除：0 行（信号日 ['2020-07-01', '2020-07-02']，只作用于 fold35）
[02:08:20] [clean_window] H6：ICT P1（Q1 + Q2b，NW lag 6）...
[02:08:20] 阶段1 [b01] 折 fold44..fold45，1734 个 PERMNO，面板窗 [2024-02-04..2025-07-02]
[02:08:20] 阶段1 [b01] 面板载入 602,160 行，约 28 MiB
[02:08:20]   ... 500/1734 PERMNO
[02:08:20]   ... 1000/1734 PERMNO
[02:08:21]   ... 1500/1734 PERMNO
[02:08:21] 阶段1 [b01] 写出 patterns_b01.parquet（426,046 行，可算 99.75%）
[02:08:21] 阶段2 [b01] 观测集 374,786 行（标签ok∧分数∧宇宙 374,786，可算率 100.00%）
[02:08:21] 阶段3 [b01/y] 12 标记完成
[02:08:21] 阶段3 [b01/y_w] 12 标记完成
[02:08:21] 阶段3 写出 results.json（8 条摘要）与 daily_series.parquet
[02:08:21] 完成，总耗时 0.0 分钟，峰值内存 1877 MiB
[02:08:21] [clean_window] H1b：扩充控制集张成（K6b 口径 NT=6）...
读取块 2023-01-01..2025-01-02；committed=47.90 GB
  fold44 完成
读取块 2024-01-01..2025-07-02；committed=48.06 GB
  fold45 完成
[02:09:04] 干净窗报告 → F:\quant\us-quant-pipeline\outputs\unseal_20260905T160632Z_cleanwin\report_fold44_45.md
[02:09:04] 完成，总耗时 2.5 分钟 → F:\quant\us-quant-pipeline\outputs\unseal_20260905T160632Z_cleanwin
exit=0
