[01:18:18] [confirm] 折窗口机械生成完毕：31 折 [2005-01-03 .. 2020-07-02]
[01:18:18] [confirm] 口径核对通过：31 个（折 × 臂）
[01:19:13] [confirm] ft 折 05: 观测 184,385、有效日 126、钱日 120、54.6s
[01:19:59] [confirm] ft 折 06: 观测 154,556、有效日 126、钱日 120、46.1s
[01:20:53] [confirm] ft 折 07: 观测 187,041、有效日 125、钱日 119、54.3s
[01:21:50] [confirm] ft 折 08: 观测 188,705、有效日 126、钱日 120、56.5s
[01:22:43] [confirm] ft 折 09: 观测 187,349、有效日 125、钱日 119、53.7s
[01:23:37] [confirm] ft 折 10: 观测 190,236、有效日 127、钱日 121、53.9s
[01:24:31] [confirm] ft 折 11: 观测 188,879、有效日 126、钱日 120、53.9s
[01:25:25] [confirm] ft 折 12: 观测 183,800、有效日 127、钱日 121、53.6s
[01:26:12] [confirm] ft 折 13: 观测 163,265、有效日 125、钱日 119、47.2s
[01:27:02] [confirm] ft 折 14: 观测 175,038、有效日 126、钱日 120、50.3s
[01:27:55] [confirm] ft 折 15: 观测 182,668、有效日 126、钱日 120、52.4s
[01:28:45] [confirm] ft 折 16: 观测 179,045、有效日 126、钱日 120、50.7s
[01:29:39] [confirm] ft 折 17: 观测 188,077、有效日 126、钱日 120、53.6s
[01:30:32] [confirm] ft 折 18: 观测 186,687、有效日 126、钱日 120、53.1s
[01:31:23] [confirm] ft 折 19: 观测 183,556、有效日 126、钱日 120、51.4s
[01:32:13] [confirm] ft 折 20: 观测 173,956、有效日 125、钱日 119、49.8s
[01:33:06] [confirm] ft 折 21: 观测 185,840、有效日 125、钱日 119、53.0s
[01:34:00] [confirm] ft 折 22: 观测 190,261、有效日 127、钱日 121、53.9s
[01:34:53] [confirm] ft 折 23: 观测 187,065、有效日 125、钱日 119、52.5s
[01:35:47] [confirm] ft 折 24: 观测 190,268、有效日 127、钱日 121、53.8s
[01:36:39] [confirm] ft 折 25: 观测 187,248、有效日 125、钱日 119、52.8s
[01:37:32] [confirm] ft 折 26: 观测 188,761、有效日 126、钱日 120、53.1s
[01:38:26] [confirm] ft 折 27: 观测 188,691、有效日 126、钱日 120、53.1s
[01:39:18] [confirm] ft 折 28: 观测 188,715、有效日 126、钱日 120、52.8s
[01:40:11] [confirm] ft 折 29: 观测 187,446、有效日 125、钱日 119、52.8s
[01:41:05] [confirm] ft 折 30: 观测 190,313、有效日 127、钱日 121、53.4s
[01:41:58] [confirm] ft 折 31: 观测 187,246、有效日 125、钱日 119、52.9s
[01:42:51] [confirm] ft 折 32: 观测 188,699、有效日 126、钱日 120、53.0s
[01:43:43] [confirm] ft 折 33: 观测 187,416、有效日 125、钱日 119、53.0s
[01:44:37] [confirm] ft 折 34: 观测 190,369、有效日 127、钱日 121、53.3s
[01:45:29] [confirm] ft 折 35: 观测 185,730、有效日 124、钱日 118、52.4s
[01:45:29] [confirm] v4.1 §5 剔除：3000 行（信号日 ['2020-07-01', '2020-07-02']，只作用于 fold35）
[01:45:29] [confirm] H3：Kronos FT vs 冻结树基线 XGBoost 的配对 ΔIC...
[01:45:36] [confirm] H6：ICT P1（Q1 + Q2b，NW lag 6）...
[01:45:36] 阶段1 [b01] 折 fold05..fold08，2213 个 PERMNO，面板窗 [2004-08-06..2006-12-29]
[01:45:36] 阶段1 [b01] 面板载入 1,261,118 行，约 59 MiB
[01:45:36]   ... 500/2213 PERMNO
[01:45:36]   ... 1000/2213 PERMNO
[01:45:37]   ... 1500/2213 PERMNO
[01:45:37]   ... 2000/2213 PERMNO
[01:45:37] 阶段1 [b01] 写出 patterns_b01.parquet（1,046,271 行，可算 99.19%）
[01:45:37] 阶段1 [b02] 折 fold09..fold12，2139 个 PERMNO，面板窗 [2006-08-06..2009-01-02]
[01:45:37] 阶段1 [b02] 面板载入 1,208,183 行，约 56 MiB
[01:45:37]   ... 500/2139 PERMNO
[01:45:38]   ... 1000/2139 PERMNO
[01:45:38]   ... 1500/2139 PERMNO
[01:45:38]   ... 2000/2139 PERMNO
[01:45:38] 阶段1 [b02] 写出 patterns_b02.parquet（1,001,723 行，可算 99.21%）
[01:45:38] 阶段1 [b03] 折 fold13..fold16，2144 个 PERMNO，面板窗 [2008-08-08..2010-12-31]
[01:45:38] 阶段1 [b03] 面板载入 1,240,197 行，约 58 MiB
[01:45:39]   ... 500/2144 PERMNO
[01:45:39]   ... 1000/2144 PERMNO
[01:45:39]   ... 1500/2144 PERMNO
[01:45:39]   ... 2000/2144 PERMNO
[01:45:39] 阶段1 [b03] 写出 patterns_b03.parquet（1,029,981 行，可算 99.31%）
[01:45:39] 阶段1 [b04] 折 fold17..fold20，2183 个 PERMNO，面板窗 [2010-08-06..2013-01-02]
[01:45:39] 阶段1 [b04] 面板载入 1,234,737 行，约 58 MiB
[01:45:40]   ... 500/2183 PERMNO
[01:45:40]   ... 1000/2183 PERMNO
[01:45:40]   ... 1500/2183 PERMNO
[01:45:40]   ... 2000/2183 PERMNO
[01:45:40] 阶段1 [b04] 写出 patterns_b04.parquet（1,021,554 行，可算 99.35%）
[01:45:40] 阶段1 [b05] 折 fold21..fold24，2086 个 PERMNO，面板窗 [2012-08-06..2015-01-02]
[01:45:41] 阶段1 [b05] 面板载入 1,181,145 行，约 55 MiB
[01:45:41]   ... 500/2086 PERMNO
[01:45:41]   ... 1000/2086 PERMNO
[01:45:41]   ... 1500/2086 PERMNO
[01:45:41]   ... 2000/2086 PERMNO
[01:45:41] 阶段1 [b05] 写出 patterns_b05.parquet（984,116 行，可算 99.24%）
[01:45:41] 阶段1 [b06] 折 fold25..fold28，1990 个 PERMNO，面板窗 [2014-08-08..2016-12-30]
[01:45:42] 阶段1 [b06] 面板载入 1,136,980 行，约 53 MiB
[01:45:42]   ... 500/1990 PERMNO
[01:45:42]   ... 1000/1990 PERMNO
[01:45:42]   ... 1500/1990 PERMNO
[01:45:42] 阶段1 [b06] 写出 patterns_b06.parquet（944,623 行，可算 99.49%）
[01:45:42] 阶段1 [b07] 折 fold29..fold32，1980 个 PERMNO，面板窗 [2016-08-06..2019-01-02]
[01:45:43] 阶段1 [b07] 面板载入 1,125,559 行，约 53 MiB
[01:45:43]   ... 500/1980 PERMNO
[01:45:43]   ... 1000/1980 PERMNO
[01:45:43]   ... 1500/1980 PERMNO
[01:45:43] 阶段1 [b07] 写出 patterns_b07.parquet（934,632 行，可算 99.34%）
[01:45:43] 阶段1 [b08] 折 fold33..fold35，1931 个 PERMNO，面板窗 [2018-08-06..2020-07-02]
[01:45:44] 阶段1 [b08] 面板载入 891,864 行，约 42 MiB
[01:45:44]   ... 500/1931 PERMNO
[01:45:44]   ... 1000/1931 PERMNO
[01:45:44]   ... 1500/1931 PERMNO
[01:45:44] 阶段1 [b08] 写出 patterns_b08.parquet（701,264 行，可算 99.29%）
[01:45:46] 阶段2 [b01] 观测集 714,687 行（标签ok∧分数∧宇宙 714,687，可算率 100.00%）
[01:45:47] 阶段2 [b02] 观测集 750,264 行（标签ok∧分数∧宇宙 750,264，可算率 100.00%）
[01:45:48] 阶段2 [b03] 观测集 700,016 行（标签ok∧分数∧宇宙 700,016，可算率 100.00%）
[01:45:49] 阶段2 [b04] 观测集 732,276 行（标签ok∧分数∧宇宙 732,276，可算率 100.00%）
[01:45:50] 阶段2 [b05] 观测集 753,434 行（标签ok∧分数∧宇宙 753,434，可算率 100.00%）
[01:45:51] 阶段2 [b06] 观测集 753,415 行（标签ok∧分数∧宇宙 753,415，可算率 100.00%）
[01:45:52] 阶段2 [b07] 观测集 753,704 行（标签ok∧分数∧宇宙 753,704，可算率 100.00%）
[01:45:52] 阶段2 [b08] 观测集 563,515 行（标签ok∧分数∧宇宙 563,515，可算率 100.00%）
[01:45:53] 阶段3 [b01/y] 12 标记完成
[01:45:53] 阶段3 [b01/y_w] 12 标记完成
[01:45:53] 阶段3 [b02/y] 12 标记完成
[01:45:53] 阶段3 [b02/y_w] 12 标记完成
[01:45:53] 阶段3 [b03/y] 12 标记完成
[01:45:53] 阶段3 [b03/y_w] 12 标记完成
[01:45:53] 阶段3 [b04/y] 12 标记完成
[01:45:53] 阶段3 [b04/y_w] 12 标记完成
[01:45:53] 阶段3 [b05/y] 12 标记完成
[01:45:53] 阶段3 [b05/y_w] 12 标记完成
[01:45:54] 阶段3 [b06/y] 12 标记完成
[01:45:54] 阶段3 [b06/y_w] 12 标记完成
[01:45:54] 阶段3 [b07/y] 12 标记完成
[01:45:54] 阶段3 [b07/y_w] 12 标记完成
[01:45:54] 阶段3 [b08/y] 12 标记完成
[01:45:54] 阶段3 [b08/y_w] 12 标记完成
[01:45:54] 阶段3 写出 results.json（64 条摘要）与 daily_series.parquet
[01:45:54] 完成，总耗时 0.3 分钟，峰值内存 1962 MiB
[01:45:54] [confirm] H1b：扩充控制集张成（K6b 口径 NT=6）...
读取块 2004-01-01..2005-12-30；committed=47.88 GB
  fold5 完成
  fold6 完成
读取块 2005-01-01..2006-12-29；committed=47.81 GB
  fold7 完成
  fold8 完成
读取块 2006-01-01..2008-01-02；committed=47.92 GB
  fold9 完成
  fold10 完成
读取块 2007-01-01..2009-01-02；committed=48.01 GB
  fold11 完成
  fold12 完成
读取块 2008-01-01..2009-12-31；committed=48.01 GB
  fold13 完成
  fold14 完成
读取块 2009-01-01..2010-12-31；committed=48.05 GB
  fold15 完成
  fold16 完成
读取块 2010-01-01..2011-12-30；committed=48.00 GB
  fold17 完成
  fold18 完成
读取块 2011-01-01..2013-01-02；committed=48.00 GB
  fold19 完成
  fold20 完成
读取块 2012-01-01..2014-01-02；committed=48.01 GB
  fold21 完成
  fold22 完成
读取块 2013-01-01..2015-01-02；committed=48.01 GB
  fold23 完成
  fold24 完成
读取块 2014-01-01..2015-12-31；committed=48.03 GB
  fold25 完成
  fold26 完成
读取块 2015-01-01..2016-12-30；committed=47.96 GB
  fold27 完成
  fold28 完成
读取块 2016-01-01..2018-01-02；committed=48.06 GB
  fold29 完成
  fold30 完成
读取块 2017-01-01..2019-01-02；committed=48.03 GB
  fold31 完成
  fold32 完成
读取块 2018-01-01..2020-01-02；committed=48.04 GB
  fold33 完成
  fold34 完成
读取块 2019-01-01..2020-07-02；committed=48.04 GB
  fold35 完成
[01:54:33] 确认集报告 → F:\quant\us-quant-pipeline\outputs\unseal_20260905T151817Z\report.md
[01:54:33] [clean_window] 折窗口机械生成完毕：2 折 [2024-07-03 .. 2025-07-02]
[01:54:33] [clean_window] 口径核对通过：2 个（折 × 臂）
[01:55:27] [clean_window] ft 折 44: 观测 190,368、有效日 127、钱日 121、53.8s
[01:56:19] [clean_window] ft 折 45: 观测 184,418、有效日 123、钱日 117、52.2s
[01:56:19] [clean_window] v4.1 §5 剔除：0 行（信号日 ['2020-07-01', '2020-07-02']，只作用于 fold35）
[01:56:19] [clean_window] H3：Kronos FT vs 冻结树基线 XGBoost 的配对 ΔIC...
Traceback (most recent call last):
  File "F:\quant\us-quant-pipeline\scripts\unseal_read_confirm.py", line 465, in <module>
    raise SystemExit(main())
                     ^^^^^^
  File "F:\quant\us-quant-pipeline\scripts\unseal_read_confirm.py", line 446, in main
    payload_cw = run_scope(scope_name="clean_window", folds=tuple(clean_folds),
                 ^^^^^^^^^^^^^^^^^^^^^^^^^^^^^^^^^^^^^^^^^^^^^^^^^^^^^^^^^^^^^^
  File "F:\quant\us-quant-pipeline\scripts\unseal_read_confirm.py", line 305, in run_scope
    payload["h3"] = H3.run_h3(outputs_root, out, list(windows.values()),
                    ^^^^^^^^^^^^^^^^^^^^^^^^^^^^^^^^^^^^^^^^^^^^^^^^^^^^
  File "F:\quant\us-quant-pipeline\src\unseal\h3.py", line 127, in run_h3
    verified = verify_tree_folds(outputs_root, ordered)
               ^^^^^^^^^^^^^^^^^^^^^^^^^^^^^^^^^^^^^^^^
  File "F:\quant\us-quant-pipeline\src\unseal\h3.py", line 58, in verify_tree_folds
    rows = [P.verify_tree_fold(w.fold, outputs_root, (w.val_start, w.val_end))
            ^^^^^^^^^^^^^^^^^^^^^^^^^^^^^^^^^^^^^^^^^^^^^^^^^^^^^^^^^^^^^^^^^^
  File "F:\quant\us-quant-pipeline\src\unseal\paths.py", line 160, in verify_tree_fold
    raise SealedConfigMismatch(
unseal.paths.SealedConfigMismatch: 折 44: 缺树基线封存清单 F:\quant\us-quant-pipeline\outputs\gbdt_strong_jkp_v2\xgboost\sealed\fold44\SEALED_MANIFEST.json（树基线队列可能尚未跑到该折）
exit=1
